// Jest Snapshot v1, https://goo.gl/fbAQLP

exports[`client should return empty data 1`] = `Object {}`;

exports[`client should return filled data 1`] = `
Object {
  "vyhledatcislo.cz": Row {
    "CPM (Euro)": "0,44",
    "CTR (%)": "0,00",
    "Clicks": "1",
    "Date": "2018-10-24 - 2018-10-24",
    "Impressions": "513",
    "Placement": "SUM",
    "Revenue (Euro)": "0,23",
  },
  "wemgehoert.de": Row {
    "CPM (Euro)": "0,67",
    "CTR (%)": "0,00",
    "Clicks": "22",
    "Date": "2018-10-24 - 2018-10-24",
    "Impressions": "41835",
    "Placement": "SUM",
    "Revenue (Euro)": "27,92",
  },
}
`;
